// Jest Snapshot v1, https://goo.gl/fbAQLP

exports[`RegisterButton  renders correctly 1`] = `
<button
  className="registeration-btn"
>
  <div>
    <svg>
      profile.svg
    </svg>
  </div>
  <p>
    Register
  </p>
</button>
`;
